---
source: tests/tests.rs
expression: manifest
---
'''
[package]
name = "test-package"
version = "0.1.0"
edition = "2021"

[patch]

[patch.crates-io]
anyhow = { path= "8uGhJPpzrNGi" }
# See more keys and their definitions at https://doc.rust-lang.org/cargo/reference/manifest.html
'''
